This is pdfTeX, Version 3.141592653-2.6-1.40.22 (TeX Live 2022/dev/Debian) (preloaded format=pdflatex 2024.3.22)  29 AUG 2025 13:36
entering extended mode
 restricted \write18 enabled.
 %&-line parsing enabled.
**FullBook.tex
(./FullBook.tex
LaTeX2e <2021-11-15> patch level 1
L3 programming layer <2022-01-21>
(/usr/share/texlive/texmf-dist/tex/latex/base/book.cls
Document Class: book 2021/10/04 v1.4n Standard LaTeX document class
(/usr/share/texlive/texmf-dist/tex/latex/base/bk10.clo
File: bk10.clo 2021/10/04 v1.4n Standard LaTeX file (size option)
)
\c@part=\count185
\c@chapter=\count186
\c@section=\count187
\c@subsection=\count188
\c@subsubsection=\count189
\c@paragraph=\count190
\c@subparagraph=\count191
\c@figure=\count192
\c@table=\count193
\abovecaptionskip=\skip47
\belowcaptionskip=\skip48
\bibindent=\dimen138
)
(/usr/share/texlive/texmf-dist/tex/generic/babel/babel.sty
Package: babel 2022/01/26 3.70 The Babel package
\babel@savecnt=\count194
\U@D=\dimen139
\l@unhyphenated=\language9

(/usr/share/texlive/texmf-dist/tex/generic/babel/txtbabel.def)
\bbl@readstream=\read2
\bbl@dirlevel=\count195

(/usr/share/texlive/texmf-dist/tex/generic/babel-english/english.ldf
Language: english 2017/06/06 v3.3r English support from the babel system
Package babel Info: Hyphen rules for 'canadian' set to \l@english
(babel)             (\language0). Reported on input line 102.
Package babel Info: Hyphen rules for 'australian' set to \l@ukenglish
(babel)             (\language6). Reported on input line 105.
Package babel Info: Hyphen rules for 'newzealand' set to \l@ukenglish
(babel)             (\language6). Reported on input line 108.
))
(/usr/share/texlive/texmf-dist/tex/latex/base/makeidx.sty
Package: makeidx 2021/10/04 v1.0m Standard LaTeX package
)
\@indexfile=\write3
\openout3 = `FullBook.idx'.


Writing index file FullBook.idx
(/usr/share/texlive/texmf-dist/tex/latex/l3backend/l3backend-pdftex.def
File: l3backend-pdftex.def 2022-01-12 L3 backend support: PDF output (pdfTeX)
\l__color_backend_stack_int=\count196
\l__pdf_internal_box=\box50
)
(./FullBook.aux)
\openout1 = `FullBook.aux'.

LaTeX Font Info:    Checking defaults for OML/cmm/m/it on input line 10.
LaTeX Font Info:    ... okay on input line 10.
LaTeX Font Info:    Checking defaults for OMS/cmsy/m/n on input line 10.
LaTeX Font Info:    ... okay on input line 10.
LaTeX Font Info:    Checking defaults for OT1/cmr/m/n on input line 10.
LaTeX Font Info:    ... okay on input line 10.
LaTeX Font Info:    Checking defaults for T1/cmr/m/n on input line 10.
LaTeX Font Info:    ... okay on input line 10.
LaTeX Font Info:    Checking defaults for TS1/cmr/m/n on input line 10.
LaTeX Font Info:    ... okay on input line 10.
LaTeX Font Info:    Checking defaults for OMX/cmex/m/n on input line 10.
LaTeX Font Info:    ... okay on input line 10.
LaTeX Font Info:    Checking defaults for U/cmr/m/n on input line 10.
LaTeX Font Info:    ... okay on input line 10.


! LaTeX Error: Unicode character ∈ (U+2208)
               not set up for use with LaTeX.

See the LaTeX manual or LaTeX Companion for explanation.
Type  H <return>  for immediate help.
 ...                                              
                                                  
l.23 ...He defines the derivative at a point a ∈
                                                   E by requiring that a be ...

You may provide a definition with
\DeclareUnicodeCharacter 


! LaTeX Error: Unicode character ⊇ (U+2287)
               not set up for use with LaTeX.

See the LaTeX manual or LaTeX Companion for explanation.
Type  H <return>  for immediate help.
 ...                                              
                                                  
l.29 ...en define concepts for functions f : X ⊇
                                                   U → Y where U is an arb...

You may provide a definition with
\DeclareUnicodeCharacter 


! LaTeX Error: Unicode character ≥ (U+2265)
               not set up for use with LaTeX.

See the LaTeX manual or LaTeX Companion for explanation.
Type  H <return>  for immediate help.
 ...                                              
                                                  
l.41 ..., as dealing with constraints (e.g., x ≥
                                                   0) inherently means worki...

You may provide a definition with
\DeclareUnicodeCharacter 

[1{/var/lib/texmf/fonts/map/pdftex/updmap/pdftex.map}

]

! LaTeX Error: Unicode character ≤ (U+2264)
               not set up for use with LaTeX.

See the LaTeX manual or LaTeX Companion for explanation.
Type  H <return>  for immediate help.
 ...                                              
                                                  
l.51 ...ed on admissible sets (e.g., {x : g(x) ≤
                                                   0}).
You may provide a definition with
\DeclareUnicodeCharacter 

! Missing $ inserted.
<inserted text> 
                $
l.53 ...l use the formalism of the tangent cone T_
                                                  S(x) (the set of all direc...
I've inserted a begin-math/end-math symbol since I think
you left one out. Proceed, with fingers crossed.

LaTeX Font Info:    External font `cmex10' loaded for size
(Font)              <7> on input line 53.
LaTeX Font Info:    External font `cmex10' loaded for size
(Font)              <5> on input line 53.

! LaTeX Error: Unicode character ∈ (U+2208)
               not set up for use with LaTeX.

See the LaTeX manual or LaTeX Companion for explanation.
Type  H <return>  for immediate help.
 ...                                              
                                                  
l.53 ... 0+ and v_n -> v such that x + t_n v_n ∈
                                                   S). The derivative is the...

You may provide a definition with
\DeclareUnicodeCharacter 


! LaTeX Error: Unicode character ∈ (U+2208)
               not set up for use with LaTeX.

See the LaTeX manual or LaTeX Companion for explanation.
Type  H <return>  for immediate help.
 ...                                              
                                                  
l.54 ... v) - f(x) - t A(u)] / t = 0 for all u ∈
                                                   T_S(x).
You may provide a definition with
\DeclareUnicodeCharacter 

! Missing $ inserted.
<inserted text> 
                $
l.56 
     
I've inserted a begin-math/end-math symbol since I think
you left one out. Proceed, with fingers crossed.


Overfull \hbox (245.01218pt too wide) in paragraph at lines 53--56
[]\OT1/cmr/m/n/10 What to look for: They will use the for-mal-ism of the tan-ge
nt cone T$[](\OML/cmm/m/it/10 x\OT1/cmr/m/n/10 )(\OML/cmm/m/it/10 thesetofalldi
rectionsvforwhichthereexistssequencest[]\OMS/cmsy/m/n/10 ^^@ \OML/cmm/m/it/10 >

 []


Overfull \hbox (65.8446pt too wide) in paragraph at lines 53--56
\OT1/cmr/m/n/10 0 + \OML/cmm/m/it/10 andv[]\OMS/cmsy/m/n/10 ^^@ \OML/cmm/m/it/1
0 > vsuchthatx \OT1/cmr/m/n/10 + \OML/cmm/m/it/10 t[]v[]S\OT1/cmr/m/n/10 )\OML/
cmm/m/it/10 :ThederivativeisthendefinedasalinearmapAthatsatisfies \OT1/cmr/m/n/
10 :
 []


Overfull \hbox (748.05246pt too wide) in paragraph at lines 53--56
\OML/cmm/m/it/10 lim[]\OT1/cmr/m/n/10 [\OML/cmm/m/it/10 f\OT1/cmr/m/n/10 (\OML/
cmm/m/it/10 x \OT1/cmr/m/n/10 + \OML/cmm/m/it/10 tv\OT1/cmr/m/n/10 ) \OMS/cmsy/
m/n/10 ^^@ \OML/cmm/m/it/10 f\OT1/cmr/m/n/10 (\OML/cmm/m/it/10 x\OT1/cmr/m/n/10
 ) \OMS/cmsy/m/n/10 ^^@ \OML/cmm/m/it/10 tA\OT1/cmr/m/n/10 (\OML/cmm/m/it/10 u\
OT1/cmr/m/n/10 )]\OML/cmm/m/it/10 =t \OT1/cmr/m/n/10 = 0\OML/cmm/m/it/10 forall
uT[]\OT1/cmr/m/n/10 (\OML/cmm/m/it/10 x\OT1/cmr/m/n/10 )\OML/cmm/m/it/10 :Thisi
sthemostrigorousandgeneraldefinitionyouwillcommonlyfind:Theproofthatthisreduces
tothestandarddefinitionwhenSisopenisimmediatebecauseforanopenset; T[]\OT1/cmr/m
/n/10 (\OML/cmm/m/it/10 x\OT1/cmr/m/n/10 )\OML/cmm/m/it/10 isthewholespace:$ 
 []


! LaTeX Error: Unicode character ≤ (U+2264)
               not set up for use with LaTeX.

See the LaTeX manual or LaTeX Companion for explanation.
Type  H <return>  for immediate help.
 ...                                              
                                                  
l.60 By the triangle inequality, this is ≤
                                             [o(||h||) + o(||h||)] / ||h|| -...

You may provide a definition with
\DeclareUnicodeCharacter 


! LaTeX Error: Unicode character ∈ (U+2208)
               not set up for use with LaTeX.

See the LaTeX manual or LaTeX Companion for explanation.
Type  H <return>  for immediate help.
 ...                                              
                                                  
l.63 ...ve. If S is open, then for any point x ∈
                                                   S, there exists a ball B(...

You may provide a definition with
\DeclareUnicodeCharacter 


! LaTeX Error: Unicode character δ (U+03B4)
               not set up for use with LaTeX.

See the LaTeX manual or LaTeX Companion for explanation.
Type  H <return>  for immediate help.
 ...                                              
                                                  
l.63 ...point x ∈ S, there exists a ball B(x, δ
                                                  ) contained in S. Therefor...

You may provide a definition with
\DeclareUnicodeCharacter 

! Missing $ inserted.
<inserted text> 
                $
l.63 ...ich involves a limit over all sequences h_
                                                  n -> 0 such that x+h_n ∈...
I've inserted a begin-math/end-math symbol since I think
you left one out. Proceed, with fingers crossed.


! LaTeX Error: Unicode character ∈ (U+2208)
               not set up for use with LaTeX.

See the LaTeX manual or LaTeX Companion for explanation.
Type  H <return>  for immediate help.
 ...                                              
                                                  
l.63 ...all sequences h_n -> 0 such that x+h_n ∈
                                                   S, now becomes a limit ov...

You may provide a definition with
\DeclareUnicodeCharacter 


! LaTeX Error: Unicode character δ (U+03B4)
               not set up for use with LaTeX.

See the LaTeX manual or LaTeX Companion for explanation.
Type  H <return>  for immediate help.
 ...                                              
                                                  
l.63 ...es converging to 0 (since for ||h_n|| < δ
                                                  , this condition is automa...

You may provide a definition with
\DeclareUnicodeCharacter 

! Missing $ inserted.
<inserted text> 
                $
l.64 
     
I've inserted a begin-math/end-math symbol since I think
you left one out. Proceed, with fingers crossed.


Overfull \hbox (612.1141pt too wide) in paragraph at lines 63--64
\OML/cmm/m/it/10 h[]S; nowbecomesalimitoverallsequencesconvergingto\OT1/cmr/m/n
/10 0(\OML/cmm/m/it/10 sincefor\OMS/cmsy/m/n/10 jj\OML/cmm/m/it/10 h[]\OMS/cmsy
/m/n/10 jj \OML/cmm/m/it/10 <; thisconditionisautomaticallysatisfied\OT1/cmr/m/
n/10 )\OML/cmm/m/it/10 :Thisisverbatimthestandarddefinition:Anytextthatgivesthe
generaldefinitionwillimmediatelynotethis:$ 
 []

! Misplaced alignment tab character &.
l.65 ...rds optimization, then diving into Ioffe &
                                                   Tikhomirov or a modern te...
I can't figure out why you would want to use a tab mark
here. If you just want an ampersand, the remedy is
simple: Just type `I\&' now. But if some right brace
up above has ended a previous alignment prematurely,
you're probably due for more error messages, and you
might try typing `S' now just to see what is salvageable.

[2] (./FullBook.aux) ) 
Here is how much of TeX's memory you used:
 1393 strings out of 480129
 24552 string characters out of 5893409
 330917 words of memory out of 5000000
 19416 multiletter control sequences out of 15000+600000
 469947 words of font info for 30 fonts, out of 8000000 for 9000
 81 hyphenation exceptions out of 8191
 40i,6n,52p,596b,149s stack positions out of 5000i,500n,10000p,200000b,80000s
 </home/marc/.texlive2021/texmf-var/fonts/pk/ljfour/jknap
pen/ec/tcrm1000.600pk></usr/share/texlive/texmf-dist/fonts/type1/public/amsfont
s/cm/cmmi10.pfb></usr/share/texlive/texmf-dist/fonts/type1/public/amsfonts/cm/c
mmi7.pfb></usr/share/texlive/texmf-dist/fonts/type1/public/amsfonts/cm/cmr10.pf
b></usr/share/texlive/texmf-dist/fonts/type1/public/amsfonts/cm/cmr7.pfb></usr/
share/texlive/texmf-dist/fonts/type1/public/amsfonts/cm/cmsy10.pfb></usr/share/
texlive/texmf-dist/fonts/type1/public/amsfonts/cm/cmsy7.pfb>
Output written on FullBook.pdf (2 pages, 79238 bytes).
PDF statistics:
 46 PDF objects out of 1000 (max. 8388607)
 28 compressed objects within 1 object stream
 0 named destinations out of 1000 (max. 500000)
 1 words of extra memory for PDF output out of 10000 (max. 10000000)

